<html>
<body>
<pre>
<h1>µVision Build Log</h1>
<h2>Tool Versions:</h2>
IDE-Version: ¦ÌVision V5.22.0.0
Copyright (C) 2016 ARM Ltd and ARM Germany GmbH. All rights reserved.
License Information: a B, C, LIC=R4HEV-P7R8P-9WA2E-5I1L2-QA6N4-GRDSE
 
Tool Versions:
Toolchain:       MDK-ARM Professional  Version: 5.22
Toolchain Path:  D:\Keil_v5\ARM\ARMCC\Bin
C Compiler:      Armcc.exe V5.06 update 4 (build 422)
Assembler:       Armasm.exe V5.06 update 4 (build 422)
Linker/Locator:  ArmLink.exe V5.06 update 4 (build 422)
Library Manager: ArmAr.exe V5.06 update 4 (build 422)
Hex Converter:   FromElf.exe V5.06 update 4 (build 422)
CPU DLL:         SARMCM3.DLL V5.22
Dialog DLL:      DCM.DLL V1.13.9.0
Target DLL:      Segger\JL2CM3.dll V2.99.23.0
Dialog DLL:      TCM.DLL V1.21.0.0
 
<h2>Project:</h2>
E:\Workspace\STM32\CannonV2_BlueMS\MOTENV1_V3.1.0_ForCannonV2\Projects\Multi\Applications\MOTENV1\MDK-ARM\CannonV2\Project.uvprojx
Project File Date:  10/12/2017

<h2>Output:</h2>
*** Using Compiler 'V5.06 update 4 (build 422)', folder: 'D:\Keil_v5\ARM\ARMCC\Bin'
Build target 'MOTENV1_STM32F4xx-Nucleo'
compiling x_nucleo_iks01a1_gyro.c...
compiling x_nucleo_iks01a1_accelero.c...
linking...
Program Size: Code=169868 RO-data=3400 RW-data=9420 ZI-data=63796  
FromELF: creating hex file...
After Build - User command #1: D:\Keil_v5\\ARM\ARMCC\bin\fromelf.exe --bin --output=MOTENV1_CannonV2.bin STM32F4xx-Nucleo\MOTENV1_CannonV2.axf
"STM32F4xx-Nucleo\MOTENV1_CannonV2.axf" - 0 Error(s), 0 Warning(s).

<h2>Software Packages used:</h2>

Package Vendor: ARM
                http://www.keil.com/pack/ARM.CMSIS.5.0.0.pack
                ARM::CMSIS:CORE:5.0.0
                CMSIS (Cortex Microcontroller Software Interface Standard)
   * Component: CORE Version: 5.0.0

<h2>Collection of Component include folders:</h2>
  E:\Workspace\STM32\CannonV2_BlueMS\MOTENV1_V3.1.0_ForCannonV2\Projects\Multi\Applications\MOTENV1\MDK-ARM\CannonV2\RTE\_MOTENV1_STM32F4xx-Nucleo
  D:\Keil_v5\ARM\PACK\ARM\CMSIS\5.0.0\CMSIS\Include
  D:\Keil_v5\ARM\PACK\Keil\STM32F4xx_DFP\2.2.0\Drivers\CMSIS\Device\ST\STM32F4xx\Include

<h2>Collection of Component Files used:</h2>

   * Component: ARM::CMSIS:CORE:5.0.0
Build Time Elapsed:  00:00:03
</pre>
</body>
</html>
