<html>
<body>
<pre>
<h1>µVision Build Log</h1>
<h2>Tool Versions:</h2>
IDE-Version: ¦ÌVision V5.22.0.0
Copyright (C) 2016 ARM Ltd and ARM Germany GmbH. All rights reserved.
License Information: a B, C, LIC=R4HEV-P7R8P-9WA2E-5I1L2-QA6N4-GRDSE
 
Tool Versions:
Toolchain:       MDK-ARM Professional  Version: 5.22
Toolchain Path:  D:\Keil_v5\ARM\ARMCC\Bin
C Compiler:      Armcc.exe V5.06 update 4 (build 422)
Assembler:       Armasm.exe V5.06 update 4 (build 422)
Linker/Locator:  ArmLink.exe V5.06 update 4 (build 422)
Library Manager: ArmAr.exe V5.06 update 4 (build 422)
Hex Converter:   FromElf.exe V5.06 update 4 (build 422)
CPU DLL:         SARMCM3.DLL V5.22
Dialog DLL:      DCM.DLL V1.13.9.0
Target DLL:      Segger\JL2CM3.dll V2.99.23.0
Dialog DLL:      TCM.DLL V1.21.0.0
 
<h2>Project:</h2>
E:\Workspace\STM32\CannonV2_BlueMS\MOTENV1_V3.1.0_ForCannonV2\Projects\Multi\Applications\MOTENV1\MDK-ARM\CannonV2\Project.uvprojx
Project File Date:  10/12/2017

<h2>Output:</h2>
*** Using Compiler 'V5.06 update 4 (build 422)', folder: 'D:\Keil_v5\ARM\ARMCC\Bin'
Build target 'MOTENV1_STM32F4xx-Nucleo'
assembling startup_stm32f401xe.s...
compiling MotionCP_Manager.c...
compiling console.c...
compiling MotionGR_Manager.c...
compiling MotionFX_Manager.c...
compiling MotionAR_Manager.c...
compiling HWAdvanceFeatures.c...
compiling main.c...
compiling OTA.c...
compiling HTS221_Driver.c...
compiling HTS221_Driver_HL.c...
compiling LIS3MDL_MAG_driver.c...
compiling LIS3MDL_MAG_driver_HL.c...
compiling LPS22HB_Driver.c...
compiling LPS22HB_Driver_HL.c...
compiling LPS25HB_Driver.c...
compiling TargetPlatform.c...
compiling MotionID_Manager.c...
compiling LPS25HB_Driver_HL.c...
compiling stm32f4xx_it.c...
compiling MotionPM_Manager.c...
compiling LSM6DS0_ACC_GYRO_driver_HL.c...
compiling stm32f4xx_hal_msp.c...
compiling LSM6DS3_ACC_GYRO_driver_HL.c...
compiling LSM6DS0_ACC_GYRO_driver.c...
compiling LSM303AGR_ACC_driver_HL.c...
compiling LSM303AGR_MAG_driver_HL.c...
compiling LSM303AGR_MAG_driver.c...
compiling LSM303AGR_ACC_driver.c...
compiling LSM6DS3_ACC_GYRO_driver.c...
compiling LSM6DSL_ACC_GYRO_driver_HL.c...
compiling LSM6DSL_ACC_GYRO_driver.c...
compiling sensor_service.c...
compiling stm32f4xx_nucleo.c...
compiling stm32_bluenrg_ble.c...
compiling stm32f4xx_SPI.c...
compiling stm32f4xx_UART.c...
compiling stm32f4xx_I2C.c...
compiling x_nucleo_iks01a1_pressure.c...
compiling x_nucleo_iks01a1_magneto.c...
compiling x_nucleo_iks01a1.c...
compiling x_nucleo_iks01a2.c...
compiling x_nucleo_iks01a1_humidity.c...
compiling x_nucleo_iks01a1_temperature.c...
compiling x_nucleo_iks01a2_humidity.c...
compiling x_nucleo_iks01a1_gyro.c...
compiling x_nucleo_iks01a2_gyro.c...
compiling x_nucleo_iks01a2_accelero.c...
compiling x_nucleo_iks01a1_accelero.c...
compiling system_stm32f4xx.c...
compiling x_nucleo_iks01a2_pressure.c...
compiling stm32f4xx_hal_adc_ex.c...
compiling x_nucleo_iks01a2_magneto.c...
compiling stm32f4xx_hal_adc.c...
compiling stm32f4xx_hal_rcc.c...
compiling x_nucleo_iks01a2_temperature.c...
compiling stm32f4xx_hal_rcc_ex.c...
compiling stm32f4xx_hal_i2c.c...
compiling stm32f4xx_hal_flash.c...
compiling stm32f4xx_hal_cortex.c...
compiling stm32f4xx_hal_i2c_ex.c...
compiling stm32f4xx_hal_uart.c...
compiling stm32f4xx_hal_rtc.c...
compiling stm32f4xx_hal_flash_ex.c...
compiling stm32f4xx_hal.c...
compiling stm32f4xx_hal_pwr.c...
compiling stm32f4xx_hal_pwr_ex.c...
compiling stm32f4xx_hal_gpio.c...
compiling stm32f4xx_hal_rtc_ex.c...
compiling stm32f4xx_hal_spi.c...
compiling bluenrg_gatt_aci.c...
compiling stm32f4xx_hal_dma.c...
compiling bluenrg_l2cap_aci.c...
compiling bluenrg_gap_aci.c...
compiling bluenrg_hal_aci.c...
compiling hci_le.c...
compiling gp_timer.c...
compiling osal.c...
compiling bluenrg_itf.c...
compiling stm32f4xx_hal_tim_ex.c...
compiling stm32f4xx_hal_crc.c...
compiling hci.c...
compiling stm32f4xx_hal_tim.c...
compiling bluenrg_utils_small.c...
compiling ble_list.c...
compiling MetaDataManager.c...
linking...
Program Size: Code=169868 RO-data=3400 RW-data=9420 ZI-data=63796  
FromELF: creating hex file...
After Build - User command #1: D:\Keil_v5\\ARM\ARMCC\bin\fromelf.exe --bin --output=MOTENV1_NucleoF401.bin STM32F4xx-Nucleo\MOTENV1_NucleoF401.axf
"STM32F4xx-Nucleo\MOTENV1_NucleoF401.axf" - 0 Error(s), 0 Warning(s).

<h2>Software Packages used:</h2>

Package Vendor: ARM
                http://www.keil.com/pack/ARM.CMSIS.5.0.0.pack
                ARM::CMSIS:CORE:5.0.0
                CMSIS (Cortex Microcontroller Software Interface Standard)
   * Component: CORE Version: 5.0.0

<h2>Collection of Component include folders:</h2>
  E:\Workspace\STM32\CannonV2_BlueMS\MOTENV1_V3.1.0_ForCannonV2\Projects\Multi\Applications\MOTENV1\MDK-ARM\CannonV2\RTE\_MOTENV1_STM32F4xx-Nucleo
  D:\Keil_v5\ARM\PACK\ARM\CMSIS\5.0.0\CMSIS\Include
  D:\Keil_v5\ARM\PACK\Keil\STM32F4xx_DFP\2.2.0\Drivers\CMSIS\Device\ST\STM32F4xx\Include

<h2>Collection of Component Files used:</h2>

   * Component: ARM::CMSIS:CORE:5.0.0
Build Time Elapsed:  00:00:52
</pre>
</body>
</html>
